// Jest Snapshot v1, https://goo.gl/fbAQLP

exports[`should render correctly 1`] = `
<DocumentFragment>
  <div
    class="layout"
    data-testid="layout"
  />
</DocumentFragment>
`;
